Dump	 --- All desktops --- 
Return	$["gnome":$["cursor":"DMZ", "desktop":"gnome", "icon":"pattern-gnome", "label":"GNOME Desktop", "label_id":"desktop_gnome", "logon":"gdm", "order":1, "packages":["gdm", "branding-openSUSE"], "patterns":["gnome", "x11", "base"]], "kde":$["cursor":"DMZ", "desktop":"kde4", "icon":"pattern-kde4", "label":"KDE Desktop", "label_id":"desktop_kde", "logon":"kdm", "order":1, "packages":["kdm", "branding-openSUSE"], "patterns":["kde", "x11", "base"]], "lxde":$["cursor":"DMZ", "desktop":"lxde", "icon":"pattern-lxde", "label":"LXDE Desktop", "label_id":"desktop_lxde", "logon":"lxdm", "order":5, "packages":["lxde-common", "branding-openSUSE"], "patterns":["lxde", "x11", "base"]], "min_x":$["cursor":"DMZ", "desktop":"twm", "icon":"yast-x11", "label":"Minimal X Window", "label_id":"desktop_min_x", "logon":"xdm", "order":6, "packages":["xorg-x11", "branding-openSUSE"], "patterns":["x11", "base"]], "textmode":$["cursor":"DMZ", "desktop":"twm", "icon":"yast-sshd", "label":"Minimal Server Selection (Text Mode)", "label_id":"desktop_textmode", "logon":"xdm", "order":8, "packages":["branding-openSUSE"], "patterns":["minimal_base", "minimal_base-conflicts"]], "xfce":$["cursor":"DMZ", "desktop":"xfce", "icon":"pattern-xfce", "label":"XFCE Desktop", "label_id":"desktop_xfce", "logon":"lightdm", "order":4, "packages":["lightdm", "branding-openSUSE"], "patterns":["xfce", "x11", "base"]]]
Dump	 --- KDE selected by default --- 
Return	kde
Return	["kde", "x11", "base"]
Return	[]
Dump	 --- Selecting GNOME --- 
Return	nil
Return	gnome
Return	["gnome", "x11", "base"]
Return	[]
Dump	 --- Reset --- 
Return	nil
Return	kde
Return	["kde", "x11", "base"]
Return	[]
