Read	.target.tmpdir "/tmp"
Read	.target.size "/etc/install.inf" 1
Dir	.etc.install_inf: ["InstMode", "Server", "Serverdir"]
Read	.etc.install_inf."InstMode" "http"
Read	.etc.install_inf."Server" "192.168.1.1"
Read	.etc.install_inf."Serverdir" "/install"
Return	http://192.168.1.1/install
Return	http://192.168.1.1/install/test
Return	http://192.168.1.1/install/test
Read	.target.size "/etc/install.inf" 1
Dir	.etc.install_inf: ["InstMode", "Password", "Port", "Server", "Serverdir", "Username"]
Read	.etc.install_inf."InstMode" "http"
Read	.etc.install_inf."Password" "yast2"
Read	.etc.install_inf."Port" "8888"
Read	.etc.install_inf."Server" "192.168.1.1"
Read	.etc.install_inf."Serverdir" "pub"
Read	.etc.install_inf."Username" "suse"
Return	http://suse:yast2@192.168.1.1:8888/pub
Read	.target.size "/etc/install.inf" 1
Dir	.etc.install_inf: ["InstMode", "Password", "Port", "Proxy", "ProxyPassword", "ProxyPort", "ProxyUser", "Server", "Serverdir", "Username"]
Read	.etc.install_inf."InstMode" "http"
Read	.etc.install_inf."Password" "yast2"
Read	.etc.install_inf."Port" "8888"
Read	.etc.install_inf."Proxy" "http://proxy.suse.de"
Read	.etc.install_inf."ProxyPassword" "bar"
Read	.etc.install_inf."ProxyPort" "8888"
Read	.etc.install_inf."ProxyUser" "foo"
Read	.etc.install_inf."Server" "192.168.1.1"
Read	.etc.install_inf."Serverdir" "pub"
Read	.etc.install_inf."Username" "suse"
Return	http://suse:yast2@192.168.1.1:8888/pub?proxy=http://proxy.suse.de?proxyport=8888?proxyuser=foo?proxypassword=bar
