Read	.target.tmpdir "/tmp"
Read	.target.size "/etc/install.inf" 1
Dir	.etc.install_inf: ["InstMode", "Server", "Serverdir", "SourceType"]
Read	.etc.install_inf."InstMode" "nfs"
Read	.etc.install_inf."Server" "192.168.1.1"
Read	.etc.install_inf."Serverdir" "/install/images/CD1.iso"
Read	.etc.install_inf."SourceType" "file"
Log	Initial repository not found in install.inf
Return	iso:/?iso=CD1.iso&url=nfs://192.168.1.1/install/images/
Log	Initial repository not found in install.inf
Return	iso:/?iso=CD1.iso&url=nfs://192.168.1.1/install/images/test
Log	Initial repository not found in install.inf
Return	iso:/?iso=CD1.iso&url=nfs://192.168.1.1/install/images/test
