Read	.target.size "/etc/install.inf" 1
Dir	.etc.install_inf: ["InstMode", "Server", "Serverdir", "Share"]
Read	.etc.install_inf."InstMode" "smb"
Read	.etc.install_inf."Server" "192.168.1.1"
Read	.etc.install_inf."Serverdir" "pub"
Read	.etc.install_inf."Share" "SHARE"
Return	smb://192.168.1.1/SHARE/pub
Return	smb://192.168.1.1/SHARE/pub/test
Return	smb://192.168.1.1/SHARE/pub/test
Read	.target.size "/etc/install.inf" 1
Dir	.etc.install_inf: ["InstMode", "Server", "Serverdir", "Share"]
Read	.etc.install_inf."InstMode" "smb"
Read	.etc.install_inf."Server" "192.168.1.1"
Read	.etc.install_inf."Serverdir" "/pub"
Read	.etc.install_inf."Share" "SHARE"
Return	smb://192.168.1.1/SHARE//pub
Read	.target.size "/etc/install.inf" 1
Dir	.etc.install_inf: ["InstMode", "Password", "Server", "Serverdir", "Share", "Username"]
Read	.etc.install_inf."InstMode" "smb"
Read	.etc.install_inf."Password" "yast2"
Read	.etc.install_inf."Server" "192.168.1.1"
Read	.etc.install_inf."Serverdir" "pub"
Read	.etc.install_inf."Share" "SHARE"
Read	.etc.install_inf."Username" "suse"
Return	smb://suse:yast2@192.168.1.1/SHARE/pub
Read	.target.size "/etc/install.inf" 1
Dir	.etc.install_inf: ["InstMode", "Password", "Server", "Serverdir", "Share", "Username", "WorkDomain"]
Read	.etc.install_inf."InstMode" "smb"
Read	.etc.install_inf."Password" "yast2"
Read	.etc.install_inf."Server" "192.168.1.1"
Read	.etc.install_inf."Serverdir" "pub"
Read	.etc.install_inf."Share" "SHARE"
Read	.etc.install_inf."Username" "suse"
Read	.etc.install_inf."WorkDomain" "group"
Return	smb://suse:yast2@192.168.1.1/SHARE/pub;workgroup=group
