Read	.target.tmpdir "/tmp"
Read	.target.size "/etc/install.inf" 1
Dir	.etc.install_inf: ["InstMode"]
Read	.etc.install_inf."InstMode" "cd"
Log	Initial repository not found in install.inf
Read	.probe.cdrom [$["dev_name":"/dev/hda"]]
Return	cd:///?devices=/dev/hda
Read	.probe.cdrom [$["dev_name":"/dev/hdb"], $["dev_name":"/dev/hdd"]]
Read	.probe.cdrom [$["dev_name":"/dev/hdb"], $["dev_name":"/dev/hdd"]]
Return	cd:///sp2?devices=/dev/hdb,/dev/hdd
