Read	.target.tmpdir "/tmp"
Return	210
Return	-100
Return	-300
