Read	.target.tmpdir "/tmp"
Read	.target.stat "/y2update/control.xml" $["isreg":true]
Read	.target.size "/y2update/control.xml" 1
Read	.xml "/y2update/control.xml" $[]
Read	.sysconfig.console.CONSOLE_ENCODING "UTF-8"
Execute	.target.bash_output "locale -k charmap" $["exit":0, "stdout":"charmap=\"UTF-8\"\n"]
Read	.sysconfig.language.RC_LANG "en_US.UTF-8"
Read	.target.size "/etc/sysconfig/language" 1
Read	.sysconfig.language.ROOT_USES_LANG "ctype"
Read	.sysconfig.language.RC_LANG "en_US.UTF-8"
Read	.sysconfig.language.INSTALLED_LANGUAGES ""
Dump	 ----- biosdevname tests ----- 
Read	.target.string "/proc/cmdline" "install=cd:// vga=0x314 biosdevname=1"
Return	["biosdevname"]
Read	.target.string "/proc/cmdline" "install=cd:// vga=0x314 biosdevname=0"
Return	[]
Read	.target.string "/proc/cmdline" "install=cd:// vga=0x314"
Execute	.target.bash "/usr/sbin/hwinfo --bios | grep -q '^[[:space:]]*Vendor:.*Dell Inc\\.'" 0
Return	["biosdevname"]
Read	.target.string "/proc/cmdline" "install=cd:// vga=0x314"
Execute	.target.bash "/usr/sbin/hwinfo --bios | grep -q '^[[:space:]]*Vendor:.*Dell Inc\\.'" 1
Return	[]
