(true)
(false)
(true)
(true)
($["ADD":["b", "e"], "CONFLICT":[], "OBSOLETE":[], "REQUIRE":[]])
