(true)
(true)
($["ADD":["b", "c", "d"], "CONFLICT":[$["name":"c", "packages":["b", "d"]]], "OBSOLETE":[], "REQUIRE":[]])
