(true)
(true)
($["ADD":["b", "c"], "CONFLICT":[$["name":"c", "packages":["b"]]], "OBSOLETE":[], "REQUIRE":[]])
