(true)
(true)
($["ADD":["b", "c"], "CONFLICT":[], "OBSOLETE":[], "REQUIRE":[]])
