(true)
("Experimentelles Perl-Skript, um Softwarepakete zu konvertieren.  Unterstützt werden die Paketformate deb (Debian), rpm (Red Hat) und tgz (Slackware). \n")
("")
("Dieses Paket ist zum Betrieb bzw. für die Verwaltung des Linux-Systems zwingend erforderlich! \nDeinstallieren Sie es bitte nur, wenn Sie sicher sind, dass Sie genau wissen was Sie tun! \n")
("")
