(true)
([["Devel", " Entwicklung", "addon"], ["Games", " Spiele", "addon"], ["Gnome", " Gnome System", "addon"], ["Kde", " KDE komplett", "addon"], ["Kde-Desktop", " KDE Desktop Environment", "addon"], ["LAMP", " Simple Webserver", "addon"], ["Min", " Minimum system", "baseconf"], ["Minimal", " Minimal System", "baseconf"], ["Minimal+X11", " Minimales graphisches System (ohne KDE) ", "baseconf"], ["Multimed", " Multimedia", "addon"], ["Multimedia", " Multimedia", "addon"], ["Network", " Netzwerk/Server", "addon"], ["Standard", " Standard-System", "baseconf"], ["default", " Standard-System mit Office", "baseconf"], ["xxxx", "  german xxxx", "baseconf"], ["zzz_Alles", " Alle Pakete (sehr zeitaufwendig)", "baseconf"]])
(true)
([["Devel", " V√Ωvoj", "addon"], ["Games", " Hry", "addon"], ["Gnome", " Syst√©m Gnome", "addon"], ["Kde", " V≈°e z KDE", "addon"], ["Kde-Desktop", " KDE Desktop Environment", "addon"], ["LAMP", " Simple Webserver", "addon"], ["Min", " Minimum system", "baseconf"], ["Minimal", " Minim√°ln√≠ syst√©m", "baseconf"], ["Minimal+X11", " Minim√°ln√≠ grafick√Ω syst√©m (bez KDE) ", "baseconf"], ["Multimed", " Multim√©dia", "addon"], ["Multimedia", " Multim√©dia", "addon"], ["Network", " S√≠≈•/Server", "addon"], ["Standard", " Standardn√≠ syst√©m", "baseconf"], ["default", " Syst√©m s kancel√°≈\231sk√Ωm bal√≠kem", "baseconf"], ["xxxx", " xxxx", "baseconf"], ["zzz_Alles", " V≈°echny bal√≠ky (trv√° velmi dlouho)", "baseconf"]])
(true)
([["Devel", " D√©veloppement", "addon"], ["Games", " Jeux", "addon"], ["Gnome", " Syst√®me Gnome", "addon"], ["Kde", " Tout de KDE", "addon"], ["Kde-Desktop", " KDE Desktop Environment", "addon"], ["LAMP", " Simple Webserver", "addon"], ["Min", " Minimum system", "baseconf"], ["Minimal", " Syst√®me minimal", "baseconf"], ["Minimal+X11", " Syst√®me minimal (X11) (sans KDE)", "baseconf"], ["Multimed", " Multim√©dia", "addon"], ["Multimedia", " Multim√©dia", "addon"], ["Network", " R√©seau/Serveur", "addon"], ["Standard", " Syst√®me standard", "baseconf"], ["default", " Syst√®me standard avec Office", "baseconf"], ["xxxx", " xxxx", "baseconf"], ["zzz_Alles", " Tous les paquetages (prend du temps!)u", "baseconf"]])
