(true)
(true)
($["aaa_base":["SuSE Linux Basispaket", "", 500, "2001.3.12-0"], "aaa_dir":["SuSE Linux Verzeichnisstruktur", "X", 912, "2001.1.17-0"], "aaa_skel":["SuSE Linux Default-Benutzer", "", 144, "2001.2.20-0"], "at":["Job-Manager", "", 70, "3.1.8-295"], "base":["Einige wichtige GNU-Programme", "", 1842, "2001.1.15-2"]])
("")
