(true)
([["Devel", " Entwicklung", "addon"], ["Games", " Spiele", "addon"], ["Gnome", " Gnome System", "addon"], ["Kde", " KDE komplett", "addon"], ["Kde-Desktop", " KDE Desktop Environment", "addon"], ["LAMP", " Simple Webserver", "addon"], ["Min", " Minimum system", "baseconf"], ["Minimal", " Minimal System", "baseconf"], ["Minimal+X11", " Minimales graphisches System (ohne KDE) ", "baseconf"], ["Multimed", " Multimedia", "addon"], ["Multimedia", " Multimedia", "addon"], ["Network", " Netzwerk/Server", "addon"], ["Standard", " Standard-System", "baseconf"], ["default", " Standard-System mit Office", "baseconf"], ["xxxx", "  german xxxx", "baseconf"], ["zzz_Alles", " Alle Pakete (sehr zeitaufwendig)", "baseconf"]])
(true)
(["Kde-Desktop", "Standard"])
($["ADD":[], "CONFLICT":[], "REQUIRE":[]])
(true)
(["Kde-Desktop", "Minimal", "Standard"])
($["ADD":[], "CONFLICT":[$["name":"Minimal", "selections":["Standard"]], $["name":"Standard", "selections":["Minimal"]]], "REQUIRE":[]])
(true)
($["ADD":[], "CONFLICT":[], "REQUIRE":[]])
(true)
($["ADD":[], "CONFLICT":[], "REQUIRE":[]])
(["Kde", "Kde-Desktop", "Standard"])
(true)
($["ADD":[], "CONFLICT":[], "REQUIRE":[]])
(["Kde", "Kde-Desktop", "Standard"])
("")
("")
