(true)
("ExperimentÃ¡lnÃ­ perlovÃ½ skript pro konvertovÃ¡nÃ­ programovÃ½ch balÃ­Ä\215kÅ¯. Podporuje nÃ¡sledujÃ­cÃ­ formÃ¡ty: deb (Debian), rpm (Red Hat), a tgz (Slackware). \n")
("")
("Tento balÃ­Ä\215ek je nezbytnÃ½ pro fungovÃ¡nÃ­ systÃ©m SuSE Linux! NemaÅ¾te jej, pokud zcela jistÄ\233 nevÃ­te, co dÄ\233lÃ¡te! \n")
("Pokud chcete vytvÃ¡Å\231et takÃ© balÃ­Ä\215ky typu .deb, musÃ­te nainstalovat takÃ© balÃ­Ä\215ek deb. \n")
