(true)
(true)
($["ADD":["c2", "c3", "c2-1", "c2-1-1", "c2-1-1-1", "c2-1-1-1-1", "c2-1-1-1-1-1", "d", "d1", "d2", "d3", "d2-1", "d2-2"], "CONFLICT":[], "OBSOLETE":[], "REQUIRE":[$["packages":["c2-1-1-1-1-1-1", "c2-1-1-1-1-1-1-E"], "tag":"c2-1-1-1-1-1-1"]]])
