(true)
(true)
($["ADD":["c1-1", "c1-2", "c1-3", "c2-1-1", "c2-1-1-1", "c2-1-1-1-1", "c2-1-1-1-1-1", "c2-1-1-1-1-1-1", "c2-1-1-1-1-1-1-E", "b1-1", "b1-2", "b1-2-1", "b1-2-2", "b1-3"], "CONFLICT":[], "OBSOLETE":[], "REQUIRE":[]])
