(true)
(true)
([["a1/aaa_base.rpm", "SuSE Linux Basispaket", 1, true], ["a1/aaa_dir.rpm", "SuSE Linux Verzeichnisstruktur", 1, true], ["a1/aaa_skel.rpm", "SuSE Linux Default-Benutzer", 1, false], ["a1/glibc.rpm", "Die shared Libraries der C-Library", 1, true]])
([$["free":7323, "name":"/", "used":2677], $["free":9972, "name":"bin", "used":28], $["free":9316, "name":"etc", "used":684], $["free":9424, "name":"sbin", "used":576], $["free":-36330, "name":"usr", "used":46330], $["free":9970, "name":"var", "used":30]])
([$["free":7293, "name":"/", "used":2707], $["free":9972, "name":"bin", "used":28], $["free":9316, "name":"etc", "used":684], $["free":9424, "name":"sbin", "used":576], $["free":-36330, "name":"usr", "used":46330]])
([$["free":-39037, "name":"/", "used":49037], $["free":9972, "name":"bin", "used":28], $["free":9316, "name":"etc", "used":684], $["free":9424, "name":"sbin", "used":576]])
([$["free":-39613, "name":"/", "used":49613], $["free":9972, "name":"bin", "used":28], $["free":9316, "name":"etc", "used":684]])
([$["free":-40297, "name":"/", "used":50297], $["free":9972, "name":"bin", "used":28]])
([$["free":-40325, "name":"/", "used":50325]])
([$["free":9972, "name":"bin", "used":28]])
([])
