(true)
(true)
([["a1/aaa_base.rpm", "SuSE Linux Basispaket", 1, true], ["a1/aaa_dir.rpm", "SuSE Linux Verzeichnisstruktur", 1, true], ["a1/aaa_skel.rpm", "SuSE Linux Default-Benutzer", 1, false], ["a1/glibc.rpm", "Die shared Libraries der C-Library", 1, true]])
([$["free":7323, "name":"/", "used":2677], $["free":9972, "name":"bin", "used":28], $["free":9316, "name":"etc", "used":684], $["free":9424, "name":"sbin", "used":576], $["free":-36330, "name":"usr", "used":46330], $["free":9970, "name":"var", "used":30]])
(true)
([["a1/aaa_dir.rpm", "SuSE Linux Verzeichnisstruktur", 1, true]])
([$["free":10000, "name":"/", "used":0], $["free":10000, "name":"bin", "used":0], $["free":10000, "name":"etc", "used":0], $["free":10000, "name":"sbin", "used":0], $["free":10000, "name":"usr", "used":0], $["free":10000, "name":"var", "used":0]])
(true)
([["a1/aaa_skel.rpm", "SuSE Linux Default-Benutzer", 1, false]])
([$["free":10000, "name":"/", "used":0], $["free":10000, "name":"bin", "used":0], $["free":9754, "name":"etc", "used":246], $["free":10000, "name":"sbin", "used":0], $["free":10000, "name":"usr", "used":0], $["free":10000, "name":"var", "used":0]])
(true)
([["a1/aaa_base.rpm", "SuSE Linux Basispaket", 1, true], ["a1/aaa_dir.rpm", "SuSE Linux Verzeichnisstruktur", 1, true], ["a1/aaa_skel.rpm", "SuSE Linux Default-Benutzer", 1, false], ["a1/glibc.rpm", "Die shared Libraries der C-Library", 1, true]])
([$["free":7323, "name":"/", "used":2677], $["free":9972, "name":"bin", "used":28], $["free":9316, "name":"etc", "used":684], $["free":9424, "name":"sbin", "used":576], $["free":-36330, "name":"usr", "used":46330], $["free":9970, "name":"var", "used":30]])
