(true)
(true)
($["ADD":["b", "c", "c1", "c2", "c3", "c1-1", "c1-2", "c1-3", "c2-1", "c2-1-1", "c2-1-1-1", "c2-1-1-1-1", "c2-1-1-1-1-1", "b1", "b1-1", "b1-2", "b1-2-1", "b1-2-2", "b1-3", "b2", "b2-1", "b2-2", "b3"], "CONFLICT":[], "OBSOLETE":[], "REQUIRE":[$["packages":["d", "f"], "tag":"D"], $["packages":["c2-1-1-1-1-1-1", "c2-1-1-1-1-1-1-E"], "tag":"c2-1-1-1-1-1-1"], $["packages":["d", "f"], "tag":"d"]]])
